 Network y1-e2e-local_default Creating 
 Network y1-e2e-local_default Created 
 Volume y1-e2e-local_postgres_local_data Creating 
 Volume y1-e2e-local_postgres_local_data Created 
 Container y1-e2e-local-postgres-local-1 Creating 
 Container y1-e2e-local-postgres-local-1 Created 
 Container y1-e2e-local-postgres-local-1 Starting 
 Container y1-e2e-local-postgres-local-1 Started 
 Container y1-e2e-local-database-bootstrap-run-66c859160590 Creating 
 Container y1-e2e-local-database-bootstrap-run-66c859160590 Created 
2026-09-07T19:07:02.348Z  INFO 1 --- [database-bootstrap] [           main] c.g.b.DatabaseBootstrapApplication       : Starting DatabaseBootstrapApplication v0.1.0-SNAPSHOT using Java 25.0.4 with PID 1 (/app/database-bootstrap.jar started by grassland in /app)
2026-09-07T19:07:02.351Z  INFO 1 --- [database-bootstrap] [           main] c.g.b.DatabaseBootstrapApplication       : No active profile set, falling back to 1 default profile: "default"
2026-09-07T19:07:03.001Z  INFO 1 --- [database-bootstrap] [           main] c.g.b.DatabaseBootstrapApplication       : Started DatabaseBootstrapApplication in 1.167 seconds (process running for 1.619)
2026-09-07T19:07:03.200Z  INFO 1 --- [database-bootstrap] [           main] org.flywaydb.core.FlywayExecutor         : Database: jdbc:postgresql://postgres-local:5432/grassland?adaptiveFetch=false&adaptiveFetchMaximum=-1&adaptiveFetchMinimum=0&allowEncodingChanges=false&ApplicationName=PostgreSQL+JDBC+Driver&autosave=never&binaryTransfer=true&binaryTransferDisable=&binaryTransferEnable=&cancelSignalTimeout=10&channelBinding=prefer&cleanupSavepoints=false&connectTimeout=10&convertBooleanToNumeric=false&databaseMetadataCacheFields=65536&databaseMetadataCacheFieldsMiB=5&defaultRowFetchSize=0&disableColumnSanitiser=false&escapeSyntaxCallMode=select&groupStartupParameters=false&gssEncMode=allow&gsslib=auto&gssResponseTimeout=5000&gssUseDefaultCreds=false&hideUnprivilegedObjects=false&hostRecheckSeconds=10&jaasApplicationName=pgjdbc&jaasLogin=true&loadBalanceHosts=false&loginTimeout=0&logServerErrorDetail=true&logUnclosedConnections=false&maxSendBufferSize=8192&pemKeyAlgorithm=RSA&preferQueryMode=extended&preparedStatementCacheQueries=256&preparedStatementCacheSizeMiB=5&prepareThreshold=5&protocolVersion=3&queryTimeout=0&quoteReturningIdentifiers=true&readOnly=false&readOnlyMode=transaction&receiveBufferSize=-1&reWriteBatchedInserts=false&scramMaxIterations=100000&sendBufferSize=-1&socketTimeout=0&sslfactory=org.postgresql.ssl.LibPQFactory&sslNegotiation=postgres&sslResponseTimeout=5000&sspiServiceClass=POSTGRES&targetServerType=any&tcpKeepAlive=false&tcpNoDelay=true&unknownLength=2147483647&useSpnego=false&xmlFactoryFactory= (PostgreSQL 18.4)
2026-09-07T19:07:03.239Z  INFO 1 --- [database-bootstrap] [           main] o.f.c.i.s.JdbcTableSchemaHistory         : Schema history table "public"."database_bootstrap_flyway_schema" does not exist yet
2026-09-07T19:07:03.252Z  INFO 1 --- [database-bootstrap] [           main] o.f.core.internal.command.DbValidate     : Successfully validated 2 migrations (execution time 00:00.021s)
2026-09-07T19:07:03.258Z  INFO 1 --- [database-bootstrap] [           main] org.flywaydb.core.Flyway                 : All configured schemas are empty; a baseline marker will not be added to Flyway's schema history table. A baseline or migration script with a lower version than the baseline version may execute if available. Check the Schemas parameter if this is not intended. See https://help.red-gate.com/help/flyway-cli12/help_4.aspx?topic=baseline-on-migrate for more info
2026-09-07T19:07:03.260Z  INFO 1 --- [database-bootstrap] [           main] o.f.c.i.s.JdbcTableSchemaHistory         : Creating Schema History table "public"."database_bootstrap_flyway_schema" ...
2026-09-07T19:07:03.290Z  INFO 1 --- [database-bootstrap] [           main] o.f.core.internal.command.DbMigrate      : Current version of schema "public": << Empty Schema >>
2026-09-07T19:07:03.299Z  INFO 1 --- [database-bootstrap] [           main] o.f.core.internal.command.DbMigrate      : Migrating schema "public" to version "1 - java backend base tables"
2026-09-07T19:07:03.331Z  INFO 1 --- [database-bootstrap] [           main] o.f.core.internal.command.DbMigrate      : Migrating schema "public" to version "2 - account deletion lifecycle"
2026-09-07T19:07:03.338Z  INFO 1 --- [database-bootstrap] [           main] o.f.core.internal.command.DbMigrate      : Successfully applied 2 migrations to schema "public", now at version v2 (execution time 00:00.025s)
 Image y1-e2e-local-trust-service Building 
 Image y1-e2e-local-finance-service Building 
 Image y1-e2e-local-intelligence-service Building 
 Image y1-e2e-local-edge-bff Building 
 Image y1-e2e-local-identity-service Building 
 Image y1-e2e-local-frontend Building 
 Image y1-e2e-local-marketplace-service Building 
 Image y1-e2e-local-database-bootstrap Building 
#1 [internal] load local bake definitions
#1 reading from stdin 4.08kB done
#1 DONE 0.0s
#2 [marketplace-service internal] load build definition from Dockerfile
#2 transferring dockerfile: 734B done
#2 DONE 0.0s
#3 [trust-service internal] load build definition from Dockerfile
#3 transferring dockerfile: 698B done
#3 DONE 0.0s
#4 [frontend internal] load build definition from Dockerfile.frontend
#4 transferring dockerfile: 473B done
#4 DONE 0.0s
#5 [intelligence-service internal] load build definition from Dockerfile
#5 transferring dockerfile: 1.36kB done
#5 DONE 0.0s
#6 [database-bootstrap internal] load build definition from Dockerfile
#6 transferring dockerfile: 579B done
#6 DONE 0.0s
#7 [edge-bff internal] load build definition from Dockerfile
#7 transferring dockerfile: 619B done
#7 DONE 0.0s
#8 [finance-service internal] load build definition from Dockerfile
#8 transferring dockerfile: 661B done
#8 DONE 0.1s
#9 [identity-service internal] load build definition from Dockerfile
#9 transferring dockerfile: 667B done
#9 DONE 0.1s
#10 [identity-service internal] load metadata for docker.io/library/eclipse-temurin:25-jre-alpine
#10 DONE 0.0s
#11 [frontend internal] load metadata for docker.io/library/node:20-bookworm
#11 DONE 0.0s
#12 [frontend internal] load metadata for docker.io/library/nginx:1.27-alpine
#12 DONE 0.0s
#13 [identity-service internal] load .dockerignore
#13 transferring context: 148B done
#13 DONE 0.0s
#14 [frontend internal] load .dockerignore
#14 transferring context: 217B done
#14 DONE 0.0s
#15 [frontend internal] load build context
#15 DONE 0.0s
#16 [trust-service 1/4] FROM docker.io/library/eclipse-temurin:25-jre-alpine@sha256:3137541deb3cac6626b5d9a4a2187bc0d6a34312f858bd2c67dd01e732e6b682
#16 resolve docker.io/library/eclipse-temurin:25-jre-alpine@sha256:3137541deb3cac6626b5d9a4a2187bc0d6a34312f858bd2c67dd01e732e6b682
#16 ...
#17 [finance-service internal] load build context
#17 transferring context: 256B 0.0s done
#17 DONE 0.1s
#16 [finance-service 1/4] FROM docker.io/library/eclipse-temurin:25-jre-alpine@sha256:3137541deb3cac6626b5d9a4a2187bc0d6a34312f858bd2c67dd01e732e6b682
#16 resolve docker.io/library/eclipse-temurin:25-jre-alpine@sha256:3137541deb3cac6626b5d9a4a2187bc0d6a34312f858bd2c67dd01e732e6b682 0.2s done
#16 DONE 0.2s
#18 [frontend build 1/6] FROM docker.io/library/node:20-bookworm@sha256:8f693eaa7e0a8e71560c9a82b55fd54c2ae920a2ba5d2cde28bac7d1c01c9ba5
#18 resolve docker.io/library/node:20-bookworm@sha256:8f693eaa7e0a8e71560c9a82b55fd54c2ae920a2ba5d2cde28bac7d1c01c9ba5 0.2s done
#18 DONE 0.2s
#19 [frontend stage-1 1/4] FROM docker.io/library/nginx:1.27-alpine@sha256:65645c7bb6a0661892a8b03b89d0743208a18dd2f3f17a54ef4b76fb8e2f2a10
#19 resolve docker.io/library/nginx:1.27-alpine@sha256:65645c7bb6a0661892a8b03b89d0743208a18dd2f3f17a54ef4b76fb8e2f2a10 0.2s done
#19 DONE 0.2s
#20 [database-bootstrap internal] load build context
#20 ...
#21 [finance-service 2/4] WORKDIR /app
#21 CACHED
#22 [finance-service 4/5] RUN addgroup -S grassland && adduser -S -G grassland -h /app grassland
#22 CACHED
#23 [finance-service 3/5] RUN apk upgrade --no-cache && apk add --no-cache wget
#23 CACHED
#24 [finance-service 5/5] COPY services/finance-service/build/libs/finance-service.jar /app/finance-service.jar
#24 CACHED
#20 [database-bootstrap internal] load build context
#20 ...
#25 [finance-service] exporting to image
#25 exporting layers 0.0s done
#25 exporting manifest sha256:1a9a7a0251694ac945b88f371a4d1c6f52c42feee6e23aa0f3f41cf1dc2cd209 done
#25 exporting config sha256:02069abe3c48d473113ef83569d0b964e27698dd7dfb4f8a35f54fa7140f6523 done
#25 exporting attestation manifest sha256:ba2c0daa70567c0da0d23a73e6500c636fa68ed28730c74ae54959275546d529 0.0s done
#25 exporting manifest list sha256:16eb377af0f1337f88e2b4958ef55a3d2b38c805f3cbe870ef50080b23fa2900 0.0s done
#25 naming to docker.io/library/y1-e2e-local-finance-service:latest done
#25 unpacking to docker.io/library/y1-e2e-local-finance-service:latest 0.0s done
#25 DONE 0.3s
#20 [database-bootstrap internal] load build context
#20 transferring context: 13.70MB 0.9s done
#20 DONE 0.9s
#21 [database-bootstrap 2/4] WORKDIR /app
#21 CACHED
#26 [database-bootstrap 4/5] RUN addgroup -S grassland && adduser -S -G grassland -h /app grassland
#26 CACHED
#27 [database-bootstrap 3/5] RUN apk upgrade --no-cache
#27 CACHED
#28 [database-bootstrap 5/5] COPY services/database-bootstrap/build/libs/database-bootstrap.jar /app/database-bootstrap.jar
#28 CACHED
#29 [database-bootstrap] exporting to image
#29 exporting layers 0.0s done
#29 exporting manifest sha256:441f306e3bd7ba82fdca34e7b8ad38158dcb5707aa030ba6f612815287dd2f87 done
#29 exporting config sha256:e9c4665cb574554b6b2d96ce1887bcaf5ab12713dc0d4e55f6d710d47268cdf2 done
#29 exporting attestation manifest sha256:a8068a262fc5c435d664ff9b30646cd31762340eabfff193b97158bdef5dea4d
#29 exporting attestation manifest sha256:a8068a262fc5c435d664ff9b30646cd31762340eabfff193b97158bdef5dea4d 0.1s done
#29 exporting manifest list sha256:5a6d7ce59926fe2cbe3909fdeaf87ab558f0034364678556b0e61868093e0ec9
#29 exporting manifest list sha256:5a6d7ce59926fe2cbe3909fdeaf87ab558f0034364678556b0e61868093e0ec9 0.1s done
#29 naming to docker.io/library/y1-e2e-local-database-bootstrap:latest done
#29 unpacking to docker.io/library/y1-e2e-local-database-bootstrap:latest 0.0s done
#29 DONE 0.3s
#30 [finance-service] resolving provenance for metadata file
#30 DONE 0.0s
#15 [frontend internal] load build context
#15 ...
#31 [database-bootstrap] resolving provenance for metadata file
#31 DONE 0.0s
#15 [frontend internal] load build context
#15 ...
#32 [edge-bff internal] load build context
#32 transferring context: 73.44MB 3.6s done
#32 DONE 3.7s
#15 [frontend internal] load build context
#15 ...
#23 [edge-bff 3/5] RUN apk upgrade --no-cache && apk add --no-cache wget
#23 CACHED
#21 [edge-bff 2/4] WORKDIR /app
#21 CACHED
#22 [edge-bff 4/5] RUN addgroup -S grassland && adduser -S -G grassland -h /app grassland
#22 CACHED
#33 [edge-bff 5/5] COPY services/edge-bff/build/libs/edge-bff.jar /app/edge-bff.jar
#33 CACHED
#15 [frontend internal] load build context
#15 ...
#34 [edge-bff] exporting to image
#34 exporting layers 0.0s done
#34 exporting manifest sha256:84536eca8de3d1ee51298784c0d884d28f8d8538c572c51bf1028107e3247fd1 done
#34 exporting config sha256:e38262dcbc3ae884897f5675f58d68632fa4732d0e3e66c57b990e87898121a6 done
#34 exporting attestation manifest sha256:b8bb9416b2ebd6b15103a875023f35cec4cd6c441e93bf3e8421d251f286d80b 0.1s done
#34 exporting manifest list sha256:a12570115fc8a81a97ea28dd9b048e0455e432f91dc80576582d3fac2dbcc227 0.0s done
#34 naming to docker.io/library/y1-e2e-local-edge-bff:latest done
#34 unpacking to docker.io/library/y1-e2e-local-edge-bff:latest 0.0s done
#34 DONE 0.2s
#15 [frontend internal] load build context
#15 ...
#35 [edge-bff] resolving provenance for metadata file
#35 DONE 0.0s
#15 [frontend internal] load build context
#15 ...
#36 [identity-service internal] load build context
#36 transferring context: 95.87MB 4.6s done
#36 DONE 4.6s
#21 [identity-service 2/4] WORKDIR /app
#21 CACHED
#22 [identity-service 4/5] RUN addgroup -S grassland && adduser -S -G grassland -h /app grassland
#22 CACHED
#23 [identity-service 3/5] RUN apk upgrade --no-cache && apk add --no-cache wget
#23 CACHED
#15 [frontend internal] load build context
#15 ...
#37 [identity-service 5/5] COPY services/identity-service/build/libs/identity-service.jar /app/identity-service.jar
#37 CACHED
#15 [frontend internal] load build context
#15 ...
#38 [identity-service] exporting to image
#38 exporting layers 0.0s done
#38 exporting manifest sha256:24f421bde5220a1b57d231f80a8970f76d95769e04173db3f966acb8b164939b done
#38 exporting config sha256:29b8e04f009692b88420fc859d13639cfdad85020d1f91b563d8228dced0ee55 done
#38 exporting attestation manifest sha256:2d0b78ba3441195ea0bd6eea4d112e00e8281ad8dd2b62d7c3dd14cddc394726 0.1s done
#38 exporting manifest list sha256:7ccdf541ee5bf6d169e467e99dcbf7a7006829bf0f470f47900fbddac5017f66 0.1s done
#38 naming to docker.io/library/y1-e2e-local-identity-service:latest 0.0s done
#38 unpacking to docker.io/library/y1-e2e-local-identity-service:latest 0.0s done
#38 DONE 0.5s
#15 [frontend internal] load build context
#15 ...
#39 [identity-service] resolving provenance for metadata file
#39 DONE 0.0s
#40 [trust-service internal] load build context
#40 transferring context: 120.30MB 5.4s done
#40 DONE 5.4s
#15 [frontend internal] load build context
#15 ...
#21 [trust-service 2/4] WORKDIR /app
#21 CACHED
#22 [trust-service 4/5] RUN addgroup -S grassland && adduser -S -G grassland -h /app grassland
#22 CACHED
#23 [trust-service 3/5] RUN apk upgrade --no-cache && apk add --no-cache wget
#23 CACHED
#41 [trust-service 5/5] COPY services/trust-service/build/libs/trust-service.jar /app/trust-service.jar
#41 CACHED
#15 [frontend internal] load build context
#15 ...
#42 [trust-service] exporting to image
#42 exporting layers done
#42 exporting manifest sha256:7ce97214fa586d1572044f87290c4ae82567fd68eaa285defda20c3edecee57c done
#42 exporting config sha256:32233a2c9cccecb6e5a3ab09e0872f601e1e56784cf750719ab743bcf79d389a done
#42 exporting attestation manifest sha256:adb7ab3540a58c9424b47a53a917463f278bf0a4d5c2e80d4c210448354f8597 0.1s done
#42 exporting manifest list sha256:9fe82dadbf475d4beb1ced18e68ae90201c00b8f54467c072ad6ba3de18523c0 0.1s done
#42 naming to docker.io/library/y1-e2e-local-trust-service:latest 0.0s done
#42 unpacking to docker.io/library/y1-e2e-local-trust-service:latest 0.0s done
#42 DONE 0.3s
#15 [frontend internal] load build context
#15 ...
#43 [marketplace-service internal] load build context
#43 transferring context: 139.98MB 5.8s done
#43 DONE 5.9s
#23 [marketplace-service 3/5] RUN apk upgrade --no-cache && apk add --no-cache wget
#23 CACHED
#22 [marketplace-service 4/5] RUN addgroup -S grassland && adduser -S -G grassland -h /app grassland
#22 CACHED
#44 [intelligence-service internal] load build context
#44 transferring context: 144.11MB 5.8s done
#44 DONE 5.9s
#45 [marketplace-service 5/5] COPY services/marketplace-service/build/libs/marketplace-service.jar /app/marketplace-service.jar
#45 CACHED
#21 [intelligence-service 2/4] WORKDIR /app
#21 CACHED
#46 [intelligence-service 3/4] RUN apk upgrade --no-cache     && apk add --no-cache nodejs chromium ffmpeg wget     && apk add --no-cache --virtual .playwright-install npm     && npm install --global --omit=dev playwright-core@1.55.0     && mkdir -p /opt/playwright-driver     && ln -s /usr/local/lib/node_modules/playwright-core /opt/playwright-driver/package     && ln -s /usr/bin/node /opt/playwright-driver/node     && apk del .playwright-install     && addgroup -S grassland     && adduser -S -G grassland -h /app grassland     && mkdir -p /var/lib/grassland-media/tmp     && chown -R grassland:grassland /var/lib/grassland-media
#46 CACHED
#47 [intelligence-service 4/4] COPY services/intelligence-service/build/libs/intelligence-service.jar /app/intelligence-service.jar
#47 CACHED
#15 [frontend internal] load build context
#15 ...
#48 [marketplace-service] exporting to image
#48 exporting layers 0.0s done
#48 exporting manifest sha256:f6cab814541483fb4ef311ddd181250a37e58ef4f302abec281c2ca9927faeee done
#48 exporting config sha256:78c36e41cf9b33b44841cf2dec10bcf0e8a30c1e340446edb0a89aa2b6bb1131 done
#48 exporting attestation manifest sha256:b3bf9cd28ed94f7114403f68423e9b7883df4e22f1300e46cc9cc65f4f33a8db 0.1s done
#48 exporting manifest list sha256:7a47f609f50369410c712861071ac9805d6ab765052e670c189b6a257d5d76f1 0.0s done
#48 naming to docker.io/library/y1-e2e-local-marketplace-service:latest done
#48 unpacking to docker.io/library/y1-e2e-local-marketplace-service:latest 0.0s done
#48 DONE 0.2s
#49 [trust-service] resolving provenance for metadata file
#49 DONE 0.0s
#50 [intelligence-service] exporting to image
#50 exporting layers done
#50 exporting manifest sha256:fc647b44717df093b882ddcedc8762bda47acec71e8df003b8ebbd32fcf8af9e done
#50 exporting config sha256:0fa63533b2eb072a07113f84d303c8384d06b53ae1906ebe5df635b476fec5aa 0.0s done
#50 exporting attestation manifest sha256:302d678c30e9f7c18b2d2a590bbbbbac860b6881ddf1013a31df85be9f432f44 0.0s done
#50 exporting manifest list sha256:3d7649255671ae3d59f8070d4505cde2145807b87aaf673cfa004f1287a3d3be 0.0s done
#50 naming to docker.io/library/y1-e2e-local-intelligence-service:latest done
#50 unpacking to docker.io/library/y1-e2e-local-intelligence-service:latest 0.0s done
#50 DONE 0.2s
#15 [frontend internal] load build context
#15 ...
#51 [marketplace-service] resolving provenance for metadata file
#51 DONE 0.0s
#52 [intelligence-service] resolving provenance for metadata file
#52 DONE 0.0s
#15 [frontend internal] load build context
#15 transferring context: 4.63MB 6.5s done
#15 DONE 6.6s
#53 [frontend stage-1 2/4] RUN apk upgrade --no-cache
#53 CACHED
#54 [frontend build 4/6] RUN npm ci
#54 CACHED
#55 [frontend build 6/6] RUN npm run build:client
#55 CACHED
#56 [frontend build 2/6] WORKDIR /app
#56 CACHED
#57 [frontend build 5/6] COPY . .
#57 CACHED
#58 [frontend build 3/6] COPY package.json package-lock.json ./
#58 CACHED
#59 [frontend stage-1 3/4] COPY nginx.conf /etc/nginx/templates/default.conf.template
#59 CACHED
#60 [frontend stage-1 4/4] COPY --from=build /app/dist /usr/share/nginx/html
#60 CACHED
#61 [frontend] exporting to image
#61 exporting layers done
#61 exporting manifest sha256:eb000a45f0a17f0715fe6722af256e0ccf33ee97cbd8e8a5704716d057792703 done
#61 exporting config sha256:924cb81fe97175f428eae753cd0d3d73eba1c3eff3783b9b9ea16115a9b10f78 done
#61 exporting attestation manifest sha256:72c79e94872fd3439e44444bf48d333da2b8e3a7717ed3e740668e477924aabd 0.0s done
#61 exporting manifest list sha256:833c101c3c352760b20602348b473aa6c2ae1b3aacbdc7a0aad01bfb9c62fae4 done
#61 naming to docker.io/library/y1-e2e-local-frontend:latest done
#61 unpacking to docker.io/library/y1-e2e-local-frontend:latest done
#61 DONE 0.1s
#62 [frontend] resolving provenance for metadata file
#62 DONE 0.0s
 Image y1-e2e-local-database-bootstrap Built 
 Image y1-e2e-local-edge-bff Built 
 Image y1-e2e-local-marketplace-service Built 
 Image y1-e2e-local-frontend Built 
 Image y1-e2e-local-trust-service Built 
 Image y1-e2e-local-finance-service Built 
 Image y1-e2e-local-identity-service Built 
 Image y1-e2e-local-intelligence-service Built 
==> e2e engine: chromium
curl: (56) Recv failure: Connection reset by peer
> douyin-video-page@0.1.0 e2e
> playwright test --config=playwright.config.ts tests/e2e/ai-creation-center.spec.ts --project=chromium
Running 15 tests using 1 worker
  ✓   1 [chromium] › tests/e2e/ai-creation-center.spec.ts:26:1 › AI app guests land on the creation board with trial panel and no identity badges (632ms)
  ✓   2 [chromium] › tests/e2e/ai-creation-center.spec.ts:35:1 › platform-first creation entry hands an independent topic to article workflow (1.3s)
  ✓   3 [chromium] › tests/e2e/ai-creation-center.spec.ts:51:1 › douyin graphic independent creation lands on article view in douyin gallery mode (1.3s)
  ✓   4 [chromium] › tests/e2e/ai-creation-center.spec.ts:66:1 › unauthenticated task source on the grassland surface opens login without loading task data (1.3s)
  ✓   5 [chromium] › tests/e2e/ai-creation-center.spec.ts:82:1 › protected AI control-plane tabs require login without calling protected APIs (1.6s)
  ✓   6 [chromium] › tests/e2e/ai-creation-center.spec.ts:99:1 › authenticated user can inspect AI runs and personal BYOK metadata (1.3s)
  ✓   7 [chromium] › tests/e2e/ai-creation-center.spec.ts:166:3 › 跨应用免登与门店深链（任务书 #76 卡 A/C） › grassland 主导航外链 → 一次性 token 免登落 AI 应用，URL 无 xat 残留 (2.4s)
  ✓   8 [chromium] › tests/e2e/ai-creation-center.spec.ts:190:3 › 跨应用免登与门店深链（任务书 #76 卡 A/C） › AI 应用「打开草场」→ 反向免登回草场 (1.4s)
  ✓   9 [chromium] › tests/e2e/ai-creation-center.spec.ts:200:3 › 跨应用免登与门店深链（任务书 #76 卡 A/C） › 门店深链锁定：商家会话经 xat 进入 AI 应用，锁定门店上下文且不可改 (2.1s)
  ✓  10 [chromium] › tests/e2e/ai-creation-center.spec.ts:244:3 › 跨应用免登与门店深链（任务书 #76 卡 A/C） › 游客/错 token 的门店深链不白屏：登录提示接住 (424ms)
  ✓  11 [chromium] › tests/e2e/ai-creation-center.spec.ts:251:3 › 跨应用免登与门店深链（任务书 #76 卡 A/C） › 错 audience 核销 401 且 token 烧毁（任务书 #86 AC-010，API 级） (1.2s)
  ✓  12 [chromium] › tests/e2e/ai-creation-center.spec.ts:294:3 › 工作流闭环（任务书 #92） › 深链来源胶囊：能力与任务来源稳定显示，清除只移除来源，URL 不残留 (1.2s)
  ✓  13 [chromium] › tests/e2e/ai-creation-center.spec.ts:314:3 › 工作流闭环（任务书 #92） › 非法 query 回退默认能力且不重写 URL（AC-002） (267ms)
  ✓  14 [chromium] › tests/e2e/ai-creation-center.spec.ts:320:3 › 工作流闭环（任务书 #92） › 最近项目：列表展示 → 继续创作恢复到视频工坊（AC-201/202/401） (1.3s)
  ✓  15 [chromium] › tests/e2e/ai-creation-center.spec.ts:361:3 › 工作流闭环（任务书 #92） › 结果出口：失败运行的重试/继续编辑（AC-502 可见面） (943ms)
  15 passed (19.6s)
V011=0
